src/App.tsx(9,30): error TS2307: Cannot find module './components/PWAInstaller' or its corresponding type declarations.
src/App.tsx(10,39): error TS2307: Cannot find module './utils/pwa' or its corresponding type declarations.
src/App.tsx(16,39): error TS2307: Cannot find module './pages/ModelDetail' or its corresponding type declarations.
src/App.tsx(22,41): error TS2307: Cannot find module './pages/ServiceDetail' or its corresponding type declarations.
src/App.tsx(33,32): error TS2307: Cannot find module './pages/Chat' or its corresponding type declarations.
src/App.tsx(34,43): error TS2307: Cannot find module './pages/ImageGeneration' or its corresponding type declarations.
src/App.tsx(35,41): error TS2307: Cannot find module './pages/ImageAnalysis' or its corresponding type declarations.
src/App.tsx(36,36): error TS2307: Cannot find module './pages/LiveChat' or its corresponding type declarations.
src/App.tsx(41,39): error TS2307: Cannot find module './pages/AdminAgency' or its corresponding type declarations.
src/App.tsx(45,50): error TS2307: Cannot find module './pages/AdminClassroomProgress' or its corresponding type declarations.
src/App.tsx(46,43): error TS2307: Cannot find module './pages/AdminFashionDay' or its corresponding type declarations.
src/App.tsx(47,49): error TS2307: Cannot find module './pages/AdminFashionDayEvents' or its corresponding type declarations.
src/App.tsx(50,44): error TS2307: Cannot find module './pages/AdminModelAccess' or its corresponding type declarations.
src/App.tsx(51,39): error TS2307: Cannot find module './pages/AdminModels' or its corresponding type declarations.
src/App.tsx(52,37): error TS2307: Cannot find module './pages/AdminNews' or its corresponding type declarations.
src/App.tsx(53,41): error TS2307: Cannot find module './pages/AdminRecovery' or its corresponding type declarations.
src/App.tsx(55,41): error TS2307: Cannot find module './pages/AdminComments' or its corresponding type declarations.
src/App.tsx(56,41): error TS2307: Cannot find module './pages/AdminBookings' or its corresponding type declarations.
src/App.tsx(57,41): error TS2307: Cannot find module './pages/AdminMessages' or its corresponding type declarations.
src/App.tsx(59,41): error TS2307: Cannot find module './pages/AdminPayments' or its corresponding type declarations.
src/App.tsx(60,41): error TS2307: Cannot find module './pages/AdminAbsences' or its corresponding type declarations.
src/App.tsx(61,50): error TS2307: Cannot find module './pages/AdminArtisticDirection' or its corresponding type declarations.
src/App.tsx(62,40): error TS2307: Cannot find module './pages/AdminMailing' or its corresponding type declarations.
src/App.tsx(66,39): error TS2307: Cannot find module './pages/JuryCasting' or its corresponding type declarations.
src/App.tsx(70,41): error TS2307: Cannot find module './pages/PrivacyPolicy' or its corresponding type declarations.
src/App.tsx(71,38): error TS2307: Cannot find module './pages/TermsOfUse' or its corresponding type declarations.
src/App.tsx(72,36): error TS2307: Cannot find module './pages/NotFound' or its corresponding type declarations.
src/App.tsx(118,17): error TS2322: Type '{ type: string; ease: string; duration: number; }' is not assignable to type 'Transition<any> | undefined'.
  Type '{ type: string; ease: string; duration: number; }' is not assignable to type 'TransitionWithValueOverrides<any>'.
    Type '{ type: string; ease: string; duration: number; }' is not assignable to type 'ValueAnimationTransition<any>'.
      Types of property 'type' are incompatible.
        Type 'string' is not assignable to type 'AnimationGeneratorType | undefined'.
src/App.tsx(220,20): error TS2307: Cannot find module './utils/dropboxService' or its corresponding type declarations.
src/components/AIAssistant.tsx(4,23): error TS2307: Cannot find module './icons/CloseIcon' or its corresponding type declarations.
src/components/AIAssistant.tsx(117,33): error TS2345: Argument of type 'string | undefined' is not assignable to parameter of type 'SetStateAction<string>'.
  Type 'undefined' is not assignable to type 'SetStateAction<string>'.
src/components/ArticleGenerator.tsx(4,23): error TS2307: Cannot find module './icons/CloseIcon' or its corresponding type declarations.
src/components/ArticleGenerator.tsx(114,64): error TS2345: Argument of type 'string | undefined' is not assignable to parameter of type 'string'.
  Type 'undefined' is not assignable to type 'string'.
src/components/DropboxUploader.tsx(3,45): error TS2307: Cannot find module '../utils/dropboxService' or its corresponding type declarations.
src/components/GoogleDriveUploader.tsx(3,53): error TS2307: Cannot find module '../utils/googleDriveService' or its corresponding type declarations.
src/components/ModelForm.tsx(2,17): error TS6133: 'ModelDistinction' is declared but its value is never read.
src/components/ModelForm.tsx(3,27): error TS2307: Cannot find module './ImageUploader' or its corresponding type declarations.
src/components/ModelForm.tsx(4,10): error TS6133: 'ChevronDownIcon' is declared but its value is never read.
src/components/ModelForm.tsx(5,1): error TS6192: All imports in import declaration are unused.
src/components/ModelForm.tsx(124,152): error TS7006: Parameter 'e' implicitly has an 'any' type.
src/components/ModelForm.tsx(134,52): error TS7006: Parameter 'value' implicitly has an 'any' type.
src/components/ServiceCard.tsx(5,16): error TS6133: 'BriefcaseIcon' is declared but its value is never read.
src/components/ServiceCard.tsx(6,19): error TS6133: 'PresentationChartLineIcon' is declared but its value is never read.
src/components/admin/AdminLayout.tsx(4,41): error TS6133: 'CalendarDaysIcon' is declared but its value is never read.
src/components/admin/AdminLayout.tsx(5,5): error TS6133: 'KeyIcon' is declared but its value is never read.
src/components/admin/AdminLayout.tsx(5,14): error TS6133: 'AcademicCapIcon' is declared but its value is never read.
src/components/admin/AdminLayout.tsx(5,31): error TS6133: 'ExclamationTriangleIcon' is declared but its value is never read.
src/components/admin/AdminLayout.tsx(5,56): error TS6133: 'PresentationChartLineIcon' is declared but its value is never read.
src/components/admin/AdminLayout.tsx(6,5): error TS6133: 'BuildingStorefrontIcon' is declared but its value is never read.
src/components/admin/AdminLayout.tsx(6,43): error TS6133: 'ChatBubbleLeftRightIcon' is declared but its value is never read.
src/components/admin/AdminLayout.tsx(6,83): error TS6133: 'EnvelopeIcon' is declared but its value is never read.
src/components/admin/AdminLayout.tsx(7,33): error TS6133: 'UserGroupIcon' is declared but its value is never read.
src/components/icons/Header.tsx(5,35): error TS2307: Cannot find module './AnimatedHamburgerIcon' or its corresponding type declarations.
src/components/icons/Layout.tsx(5,21): error TS2307: Cannot find module './Marquee' or its corresponding type declarations.
src/constants/data.ts(2,325): error TS6133: 'Artist' is declared but its value is never read.
src/constants/magazineData.ts(9,5): error TS2353: Object literal may only specify known properties, and 'id' does not exist in type 'Article'.
src/constants/magazineData.ts(133,5): error TS2353: Object literal may only specify known properties, and 'id' does not exist in type 'Article'.
src/constants/magazineData.ts(157,5): error TS2353: Object literal may only specify known properties, and 'id' does not exist in type 'Article'.
src/constants/magazineData.ts(216,9): error TS2353: Object literal may only specify known properties, and 'text' does not exist in type '{ type: "image"; src: string; alt: string; caption?: string | undefined; }'.
src/constants/magazineData.ts(234,9): error TS2353: Object literal may only specify known properties, and 'text' does not exist in type '{ type: "image"; src: string; alt: string; caption?: string | undefined; }'.
src/constants/magazineData.ts(243,9): error TS2353: Object literal may only specify known properties, and 'text' does not exist in type '{ type: "image"; src: string; alt: string; caption?: string | undefined; }'.
src/constants/magazineData.ts(257,9): error TS2353: Object literal may only specify known properties, and 'text' does not exist in type '{ type: "image"; src: string; alt: string; caption?: string | undefined; }'.
src/constants/magazineData.ts(271,9): error TS2353: Object literal may only specify known properties, and 'text' does not exist in type '{ type: "image"; src: string; alt: string; caption?: string | undefined; }'.
src/constants/magazineData.ts(276,9): error TS2353: Object literal may only specify known properties, and 'text' does not exist in type '{ type: "image"; src: string; alt: string; caption?: string | undefined; }'.
src/constants/magazineData.ts(281,9): error TS2353: Object literal may only specify known properties, and 'text' does not exist in type '{ type: "image"; src: string; alt: string; caption?: string | undefined; }'.
src/constants/magazineData.ts(286,9): error TS2353: Object literal may only specify known properties, and 'text' does not exist in type '{ type: "image"; src: string; alt: string; caption?: string | undefined; }'.
src/constants/magazineData.ts(291,9): error TS2353: Object literal may only specify known properties, and 'text' does not exist in type '{ type: "image"; src: string; alt: string; caption?: string | undefined; }'.
src/constants/magazineData.ts(296,9): error TS2353: Object literal may only specify known properties, and 'text' does not exist in type '{ type: "image"; src: string; alt: string; caption?: string | undefined; }'.
src/constants/magazineData.ts(332,5): error TS2353: Object literal may only specify known properties, and 'id' does not exist in type 'Article'.
src/constants/magazineData.ts(397,5): error TS2353: Object literal may only specify known properties, and 'id' does not exist in type 'Article'.
src/constants/magazineData.ts(469,5): error TS2353: Object literal may only specify known properties, and 'id' does not exist in type 'Article'.
src/constants/magazineData.ts(517,5): error TS2353: Object literal may only specify known properties, and 'id' does not exist in type 'Article'.
src/constants/magazineData.ts(567,5): error TS2353: Object literal may only specify known properties, and 'id' does not exist in type 'Article'.
src/constants/magazineData.ts(602,5): error TS2353: Object literal may only specify known properties, and 'id' does not exist in type 'Article'.
src/constants/magazineData.ts(638,5): error TS2353: Object literal may only specify known properties, and 'id' does not exist in type 'Article'.
src/constants/magazineData.ts(687,5): error TS2353: Object literal may only specify known properties, and 'id' does not exist in type 'Article'.
src/constants/magazineData.ts(734,5): error TS2353: Object literal may only specify known properties, and 'id' does not exist in type 'Article'.
src/constants/magazineData.ts(782,5): error TS2353: Object literal may only specify known properties, and 'id' does not exist in type 'Article'.
src/constants/magazineData.ts(816,5): error TS2353: Object literal may only specify known properties, and 'id' does not exist in type 'Article'.
src/constants/magazineData.ts(874,5): error TS2353: Object literal may only specify known properties, and 'id' does not exist in type 'Article'.
src/constants/magazineData.ts(908,5): error TS2353: Object literal may only specify known properties, and 'id' does not exist in type 'Article'.
src/hooks/useDataStore.tsx(40,49): error TS2307: Cannot find module '../constants/courseData' or its corresponding type declarations.
src/hooks/useRealtimeDB.tsx(4,1): error TS6133: 'initialData' is declared but its value is never read.
src/hooks/useRealtimeDB.tsx(4,10): error TS2305: Module '"../constants/data"' has no exported member 'initialData'.
src/hooks/useRealtimeDB.tsx(5,20): error TS2307: Cannot find module '../utils/logger' or its corresponding type declarations.
src/hooks/useRealtimeDB.tsx(6,393): error TS2305: Module '"../types"' has no exported member 'AdminProfile'.
src/hooks/useRealtimeDB.tsx(6,407): error TS2305: Module '"../types"' has no exported member 'GalleryItem'.
src/hooks/useRealtimeDB.tsx(42,49): error TS2307: Cannot find module '../constants/courseData' or its corresponding type declarations.
src/pages/Activity.tsx(3,53): error TS6133: 'AcademicCapIcon' is declared but its value is never read.
src/pages/Activity.tsx(3,70): error TS6133: 'CheckCircleIcon' is declared but its value is never read.
src/pages/Activity.tsx(3,87): error TS6133: 'XCircleIcon' is declared but its value is never read.
src/pages/Activity.tsx(4,17): error TS2307: Cannot find module '../components/SEO' or its corresponding type declarations.
src/pages/Activity.tsx(5,29): error TS2307: Cannot find module '../components/BackToTopButton' or its corresponding type declarations.
src/pages/Activity.tsx(6,10): error TS6133: 'QuizQuestion' is declared but its value is never read.
src/pages/Admin.tsx(3,17): error TS2307: Cannot find module '../components/SEO' or its corresponding type declarations.
src/pages/Admin.tsx(5,16): error TS6133: 'BookOpenIcon' is declared but its value is never read.
src/pages/Admin.tsx(5,45): error TS6133: 'CalendarDaysIcon' is declared but its value is never read.
src/pages/Admin.tsx(5,63): error TS6133: 'Cog6ToothIcon' is declared but its value is never read.
src/pages/Admin.tsx(6,32): error TS6133: 'KeyIcon' is declared but its value is never read.
src/pages/Admin.tsx(6,41): error TS6133: 'AcademicCapIcon' is declared but its value is never read.
src/pages/Admin.tsx(6,58): error TS6133: 'ExclamationTriangleIcon' is declared but its value is never read.
src/pages/Admin.tsx(6,83): error TS6133: 'PresentationChartLineIcon' is declared but its value is never read.
src/pages/Admin.tsx(7,5): error TS6133: 'BuildingStorefrontIcon' is declared but its value is never read.
src/pages/Admin.tsx(7,43): error TS6133: 'ChatBubbleLeftRightIcon' is declared but its value is never read.
src/pages/Admin.tsx(8,5): error TS6133: 'ClipboardDocumentCheckIcon' is declared but its value is never read.
src/pages/Admin.tsx(8,48): error TS6133: 'HomeIcon' is declared but its value is never read.
src/pages/Admin.tsx(8,58): error TS6133: 'CurrencyDollarIcon' is declared but its value is never read.
src/pages/Admin.tsx(8,78): error TS6133: 'CalendarIcon' is declared but its value is never read.
src/pages/Admin.tsx(8,92): error TS6133: 'PaintBrushIcon' is declared but its value is never read.
src/pages/Admin.tsx(9,74): error TS6133: 'MagnifyingGlassIcon' is declared but its value is never read.
src/pages/Admin.tsx(9,95): error TS6133: 'MicrophoneIcon' is declared but its value is never read.
src/pages/Admin.tsx(22,19): error TS2304: Cannot find name 'useMemo'.
src/pages/Admin.tsx(28,38): error TS2339: Property 'fashionDayReservations' does not exist on type 'AppData'.
src/pages/Admin.tsx(28,69): error TS7006: Parameter 'res' implicitly has an 'any' type.
src/pages/Admin.tsx(43,42): error TS2339: Property 'fashionDayReservations' does not exist on type 'AppData'.
src/pages/Admin.tsx(44,21): error TS7006: Parameter 'res' implicitly has an 'any' type.
src/pages/Admin.tsx(45,18): error TS7006: Parameter 'res' implicitly has an 'any' type.
src/pages/Admin.tsx(83,22): error TS2552: Cannot find name 'NotificationTester'. Did you mean 'Notification'?
src/pages/Admin.tsx(103,26): error TS2304: Cannot find name 'StatCard'.
src/pages/Admin.tsx(104,26): error TS2304: Cannot find name 'StatCard'.
src/pages/Admin.tsx(105,26): error TS2304: Cannot find name 'StatCard'.
src/pages/Admin.tsx(106,26): error TS2304: Cannot find name 'StatCard'.
src/pages/Admin.tsx(123,65): error TS7006: Parameter 'activity' implicitly has an 'any' type.
src/pages/Admin.tsx(123,75): error TS7006: Parameter 'index' implicitly has an 'any' type.
src/pages/Admin.tsx(132,140): error TS2304: Cannot find name 'timeAgo'.
src/pages/Admin.tsx(159,30): error TS2304: Cannot find name 'activeUsers'.
src/pages/Admin.tsx(161,38): error TS2304: Cannot find name 'activeUsers'.
src/pages/Admin.tsx(161,54): error TS7006: Parameter 'user' implicitly has an 'any' type.
src/pages/Admin.tsx(171,122): error TS2304: Cannot find name 'getRoleColor'.
src/pages/Admin.tsx(172,54): error TS2304: Cannot find name 'getRoleDisplayName'.
src/pages/Admin.tsx(211,7): error TS6133: 'DashboardCard' is declared but its value is never read.
src/pages/AdminCasting.tsx(5,17): error TS2307: Cannot find module '../components/SEO' or its corresponding type declarations.
src/pages/AdminCasting.tsx(7,58): error TS6133: 'PrinterIcon' is declared but its value is never read.
src/pages/AdminCastingResults.tsx(5,17): error TS2307: Cannot find module '../components/SEO' or its corresponding type declarations.
src/pages/AdminClassroom.tsx(4,17): error TS2307: Cannot find module '../components/SEO' or its corresponding type declarations.
src/pages/AdminClassroom.tsx(6,65): error TS6133: 'SparklesIcon' is declared but its value is never read.
src/pages/AdminClassroom.tsx(135,100): error TS7006: Parameter 'e' implicitly has an 'any' type.
src/pages/AdminClassroom.tsx(153,109): error TS7006: Parameter 'e' implicitly has an 'any' type.
src/pages/AdminClassroom.tsx(154,114): error TS7006: Parameter 'e' implicitly has an 'any' type.
src/pages/AdminDropbox.tsx(4,17): error TS2307: Cannot find module '../components/SEO' or its corresponding type declarations.
src/pages/AdminDropbox.tsx(11,45): error TS2307: Cannot find module '../utils/dropboxService' or its corresponding type declarations.
src/pages/AdminGoogleDrive.tsx(4,17): error TS2307: Cannot find module '../components/SEO' or its corresponding type declarations.
src/pages/AdminGoogleDrive.tsx(10,53): error TS2307: Cannot find module '../utils/googleDriveService' or its corresponding type declarations.
src/pages/AdminMagazine.tsx(5,17): error TS2307: Cannot find module '../components/SEO' or its corresponding type declarations.
src/pages/AdminMagazine.tsx(7,60): error TS6133: 'ArrowUpIcon' is declared but its value is never read.
src/pages/AdminMagazine.tsx(7,73): error TS6133: 'ArrowDownIcon' is declared but its value is never read.
src/pages/AdminMagazine.tsx(8,27): error TS2307: Cannot find module '../components/ImageUploader' or its corresponding type declarations.
src/pages/AdminMagazine.tsx(11,28): error TS2307: Cannot find module '../components/ArticlePreview' or its corresponding type declarations.
src/pages/AdminMagazine.tsx(12,1): error TS6133: 'FacebookIcon' is declared but its value is never read.
src/pages/AdminMagazine.tsx(236,104): error TS7006: Parameter 'e' implicitly has an 'any' type.
src/pages/AdminMagazine.tsx(237,164): error TS7006: Parameter 'e' implicitly has an 'any' type.
src/pages/AdminMagazine.tsx(237,231): error TS7006: Parameter 'tag' implicitly has an 'any' type.
src/pages/AdminSettings.tsx(5,17): error TS2307: Cannot find module '../components/SEO' or its corresponding type declarations.
src/pages/AdminSettings.tsx(53,18): error TS2345: Argument of type 'import("/app/src/hooks/useDataStore").AppData' is not assignable to parameter of type 'import("/app/src/hooks/useRealtimeDB").AppData'.
  Type 'AppData' is missing the following properties from type 'AppData': adminProfile, gallery
src/pages/AdminSettings.tsx(102,111): error TS7006: Parameter 'e' implicitly has an 'any' type.
src/pages/AdminSettings.tsx(103,108): error TS7006: Parameter 'e' implicitly has an 'any' type.
src/pages/AdminSettings.tsx(104,108): error TS7006: Parameter 'e' implicitly has an 'any' type.
src/pages/AdminSettings.tsx(111,138): error TS7006: Parameter 'e' implicitly has an 'any' type.
src/pages/AdminSettings.tsx(112,138): error TS7006: Parameter 'e' implicitly has an 'any' type.
src/pages/AdminSettings.tsx(113,144): error TS7006: Parameter 'e' implicitly has an 'any' type.
src/pages/AdminSettings.tsx(133,114): error TS7006: Parameter 'e' implicitly has an 'any' type.
src/pages/AdminSettings.tsx(134,116): error TS7006: Parameter 'e' implicitly has an 'any' type.
src/pages/AdminSettings.tsx(135,112): error TS7006: Parameter 'e' implicitly has an 'any' type.
src/pages/AdminSettings.tsx(146,106): error TS7006: Parameter 'e' implicitly has an 'any' type.
src/pages/AdminSettings.tsx(146,111): error TS2554: Expected 2 arguments, but got 1.
src/pages/AdminSettings.tsx(162,96): error TS7006: Parameter 'e' implicitly has an 'any' type.
src/pages/AdminSettings.tsx(162,101): error TS2554: Expected 2 arguments, but got 1.
src/pages/AdminSettings.tsx(163,97): error TS7006: Parameter 'e' implicitly has an 'any' type.
src/pages/AdminSettings.tsx(163,102): error TS2554: Expected 2 arguments, but got 1.
src/pages/AdminSettings.tsx(164,46): error TS2304: Cannot find name 'ImageUploader'.
src/pages/AdminSettings.tsx(164,106): error TS7006: Parameter 'value' implicitly has an 'any' type.
src/pages/AdminSettings.tsx(164,115): error TS2554: Expected 2 arguments, but got 1.
src/pages/AdminSettings.tsx(168,59): error TS7006: Parameter 'e' implicitly has an 'any' type.
src/pages/AdminSettings.tsx(168,64): error TS2554: Expected 2 arguments, but got 1.
src/pages/AdminSettings.tsx(183,65): error TS6133: 'updateItem' is declared but its value is never read.
src/pages/AdminSettings.tsx(185,102): error TS7006: Parameter 'e' implicitly has an 'any' type.
src/pages/AdminSettings.tsx(185,107): error TS2304: Cannot find name 'onChange'.
src/pages/AdminSettings.tsx(189,67): error TS2304: Cannot find name 'onChange'.
src/pages/AdminSettings.tsx(194,112): error TS7006: Parameter 'e' implicitly has an 'any' type.
src/pages/AdminSettings.tsx(195,112): error TS7006: Parameter 'e' implicitly has an 'any' type.
src/pages/Agency.tsx(2,17): error TS2307: Cannot find module '../components/SEO' or its corresponding type declarations.
src/pages/Agency.tsx(7,5): error TS6133: 'CheckBadgeIcon' is declared but its value is never read.
src/pages/Agency.tsx(8,5): error TS6133: 'ArrowLongRightIcon' is declared but its value is never read.
src/pages/Agency.tsx(9,5): error TS6133: 'SparklesIcon' is declared but its value is never read.
src/pages/ArticleDetail.tsx(4,22): error TS2307: Cannot find module './NotFound' or its corresponding type declarations.
src/pages/ArticleDetail.tsx(5,17): error TS2307: Cannot find module '../components/SEO' or its corresponding type declarations.
src/pages/ArticleDetail.tsx(251,19): error TS2538: Type 'undefined' cannot be used as an index type.
src/pages/Casting.tsx(4,28): error TS6133: 'ClockIcon' is declared but its value is never read.
src/pages/Casting.tsx(5,17): error TS2307: Cannot find module '../components/SEO' or its corresponding type declarations.
src/pages/CastingForm.tsx(4,17): error TS2307: Cannot find module '../components/SEO' or its corresponding type declarations.
src/pages/ChapterDetail.tsx(3,22): error TS2307: Cannot find module './NotFound' or its corresponding type declarations.
src/pages/ChapterDetail.tsx(4,17): error TS2307: Cannot find module '../components/SEO' or its corresponding type declarations.
src/pages/ClassroomForum.tsx(6,17): error TS2307: Cannot find module '../components/SEO' or its corresponding type declarations.
src/pages/Contact.tsx(5,17): error TS2307: Cannot find module '../components/SEO' or its corresponding type declarations.
src/pages/FashionDay.tsx(1,38): error TS6133: 'useRef' is declared but its value is never read.
src/pages/FashionDay.tsx(7,3): error TS6133: 'SparklesIcon' is declared but its value is never read.
src/pages/FashionDay.tsx(8,3): error TS6133: 'UserGroupIcon' is declared but its value is never read.
src/pages/FashionDay.tsx(9,3): error TS6133: 'MicrophoneIcon' is declared but its value is never read.
src/pages/FashionDay.tsx(11,3): error TS6133: 'ArrowLongRightIcon' is declared but its value is never read.
src/pages/FashionDay.tsx(13,17): error TS2307: Cannot find module '../components/SEO' or its corresponding type declarations.
src/pages/FashionDayApplicationForm.tsx(4,17): error TS2307: Cannot find module '../components/SEO' or its corresponding type declarations.
src/pages/ForumThread.tsx(6,17): error TS2307: Cannot find module '../components/SEO' or its corresponding type declarations.
src/pages/ForumThread.tsx(9,22): error TS2307: Cannot find module './NotFound' or its corresponding type declarations.
src/pages/Home.tsx(4,17): error TS2307: Cannot find module '../components/SEO' or its corresponding type declarations.
src/pages/Login.tsx(4,17): error TS2307: Cannot find module '../components/SEO' or its corresponding type declarations.
src/pages/Magazine.tsx(3,17): error TS2307: Cannot find module '../components/SEO' or its corresponding type declarations.
src/pages/ModelDashboard.tsx(4,17): error TS2307: Cannot find module '../components/SEO' or its corresponding type declarations.
src/pages/Models.tsx(3,17): error TS2307: Cannot find module '../components/SEO' or its corresponding type declarations.
src/pages/Models.tsx(5,18): error TS6133: 'AnimatePresence' is declared but its value is never read.
src/pages/RegistrationCasting.tsx(4,17): error TS2307: Cannot find module '../components/SEO' or its corresponding type declarations.
src/pages/Services.tsx(3,17): error TS2307: Cannot find module '../components/SEO' or its corresponding type declarations.
src/types.ts(1,1): error TS6133: 'React' is declared but its value is never read.
